<?xml version="1.0" encoding="UTF-8"?>
<testsuites name="jest tests" tests="4" failures="0" errors="0" time="7.793">
  <testsuite name="src\api_test\global.api.test.ts" errors="0" failures="0" skipped="0" timestamp="2024-10-08T22:00:45" time="7.599" tests="4">
    <testcase classname="Users endpoint-Post - Create User" name="Users endpoint-Post - Create User" time="0.477">
    </testcase>
    <testcase classname="Users endpoint-Post Login" name="Users endpoint-Post Login" time="0.217">
    </testcase>
    <testcase classname="Users endpoint-Get Me" name="Users endpoint-Get Me" time="0.017">
    </testcase>
    <testcase classname="Posts endpoint-Get popular posts" name="Posts endpoint-Get popular posts" time="0.011">
    </testcase>
  </testsuite>
</testsuites>